<?xml version="1.0" encoding="utf-8"?><testsuites><testsuite name="pytest" errors="0" failures="0" skipped="0" tests="0" time="61.429" timestamp="2024-10-11T19:25:15.402417" hostname="archlinux"><testcase time="0.003" /></testsuite></testsuites>